STYLE DIFF Styles of Cell Sheet1!C3 does not match Sheet1!C3 (fillForegroundColorColor do not match: org.apache.poi.xssf.usermodel.XSSFColor@72665af1 != org.apache.poi.xssf.usermodel.XSSFColor@dfcdb1)
----------------- DIFF -------------------
Sheets: [Sheet1]
Rows: [3]
Cols: [C]
----------------- EXTRA WB1 -------------------
Sheets: []
Rows: []
Cols: []
----------------- EXTRA WB2 -------------------
Sheets: []
Rows: []
Cols: []
-----------------------------------------
Excel files test/resources/style1.xlsx and test/resources/style2.xlsx differ